// Jest Snapshot v1, https://goo.gl/fbAQLP

exports[`renders correctly 1`] = `
<div
  className="diorama-swipe-container swipe"
  onMouseDown={[Function]}
  onTouchEnd={[Function]}
  onTouchStart={[Function]}
  tolerance={0}
>
  <div
    className="diorama diorama-deck deck "
  >
    <div
      index={0}
      navigate={[Function]}
    >
      Slide 1
    </div>
  </div>
</div>
`;
