// Jest Snapshot v1, https://goo.gl/fbAQLP

exports[`renders correctly 1`] = `
Array [
  <blockquote
    className="quote diorama-quote "
    style={Object {}}
  >
    Nice quote
  </blockquote>,
  <cite
    className="cite diorama-cite"
  >
    Sam Bellen
  </cite>,
]
`;
