// Jest Snapshot v1, https://goo.gl/fbAQLP

exports[`renders correctly 1`] = `
<div
  className="video diorama-video-container"
  style={Object {}}
>
  <video
    autoPlay={false}
    className="diorama-video-player"
    loop={false}
    muted={true}
    src="#"
  />
</div>
`;
